../Core/Src/main.c:100:5:main	8	static
../Core/Src/main.c:156:6:SystemClock_Config	96	static
../Core/Src/main.c:204:13:MX_FDCAN1_Init	8	static
../Core/Src/main.c:247:13:MX_FDCAN2_Init	8	static
../Core/Src/main.c:290:13:MX_I2C1_Init	8	static
../Core/Src/main.c:338:13:MX_USART1_UART_Init	8	static
../Core/Src/main.c:386:13:MX_GPIO_Init	48	static
../Core/Src/main.c:436:6:isPressedBtn	8	static
../Core/Src/main.c:486:6:heartBeat	8	static
../Core/Src/main.c:498:6:HAL_FDCAN_RxFifo0Callback	16	static
../Core/Src/main.c:517:6:HAL_FDCAN_RxFifo1Callback	16	static
../Core/Src/main.c:538:6:Error_Handler	8	static,ignoring_inline_asm
